<?xml version="1.0" encoding="UTF-8"?>
<TestRun id="455989e4-9612-4ce8-91ad-4257450c6dbd" name="Steve@STEVESLAPTOP 2011-03-22 01:08:23" runUser="STEVESLAPTOP\Steve" xmlns="http://microsoft.com/schemas/VisualStudio/TeamTest/2010">
  <TestSettings name="Local" id="4f61bc2a-6065-40f1-92ca-65e55b5b23a6">
    <Description>These are default test settings for a local test run.</Description>
    <Deployment enabled="false" runDeploymentRoot="Steve_STEVESLAPTOP 2011-03-22 01_08_23">
      <DeploymentItem filename="D:\Documents\My Dropbox\Dev Projects\Wetnap\Library\bin\Debug\Steveo.Wetnap.dll" />
    </Deployment>
    <Execution>
      <TestTypeSpecific />
      <AgentRule name="Execution Agents">
      </AgentRule>
    </Execution>
  </TestSettings>
  <Times creation="2011-03-22T01:08:23.8214543-04:00" queuing="2011-03-22T01:08:31.1528736-04:00" start="2011-03-22T01:08:31.6819039-04:00" finish="2011-03-22T01:08:49.8419426-04:00" />
  <ResultSummary outcome="Error">
    <Counters total="3" executed="2" passed="1" error="0" failed="0" timeout="0" aborted="1" inconclusive="0" passedButRunAborted="0" notRunnable="0" notExecuted="1" disconnected="0" warning="0" completed="0" inProgress="0" pending="0" />
    <RunInfos>
      <RunInfo computerName="STEVESLAPTOP" outcome="Error" timestamp="2011-03-22T01:08:49.8349422-04:00">
        <Text>Test host process exited unexpectedly.</Text>
      </RunInfo>
    </RunInfos>
  </ResultSummary>
  <TestDefinitions>
    <UnitTest name="TestStringBefore" storage="d:\documents\my dropbox\dev projects\wetnap\steveo.wetnap.tests\bin\debug\steveo.wetnap.tests.dll" id="5003c018-4018-a15a-1c47-40dde895eb99">
      <Execution id="f8503ed3-200b-4a2d-be2e-387068079a15" />
      <TestMethod codeBase="D:/Documents/My Dropbox/Dev Projects/Wetnap/Steveo.Wetnap.Tests/bin/Debug/Steveo.Wetnap.Tests.DLL" adapterTypeName="Microsoft.VisualStudio.TestTools.TestTypes.Unit.UnitTestAdapter, Microsoft.VisualStudio.QualityTools.Tips.UnitTest.Adapter, Version=10.0.0.0, Culture=neutral, PublicKeyToken=b03f5f7f11d50a3a" className="Steveo.Wetnap.Tests.UnitTest, Steveo.Wetnap.Tests, Version=1.0.0.0, Culture=neutral, PublicKeyToken=null" name="TestStringBefore" />
    </UnitTest>
    <UnitTest name="TestStringTruncate" storage="d:\documents\my dropbox\dev projects\wetnap\steveo.wetnap.tests\bin\debug\steveo.wetnap.tests.dll" id="3233344a-470d-1cfc-d969-f348858fa094">
      <Execution id="88d64841-90f9-482c-93a4-ebb3ee7456c5" />
      <TestMethod codeBase="D:/Documents/My Dropbox/Dev Projects/Wetnap/Steveo.Wetnap.Tests/bin/Debug/Steveo.Wetnap.Tests.DLL" adapterTypeName="Microsoft.VisualStudio.TestTools.TestTypes.Unit.UnitTestAdapter, Microsoft.VisualStudio.QualityTools.Tips.UnitTest.Adapter, Version=10.0.0.0, Culture=neutral, PublicKeyToken=b03f5f7f11d50a3a" className="Steveo.Wetnap.Tests.UnitTest, Steveo.Wetnap.Tests, Version=1.0.0.0, Culture=neutral, PublicKeyToken=null" name="TestStringTruncate" />
    </UnitTest>
    <UnitTest name="TestStringAfter" storage="d:\documents\my dropbox\dev projects\wetnap\steveo.wetnap.tests\bin\debug\steveo.wetnap.tests.dll" id="78417c56-f1ba-64d1-a46a-dc1aab962e0e">
      <Execution id="10516075-2d96-44fc-8498-4b4f272d4746" />
      <TestMethod codeBase="D:/Documents/My Dropbox/Dev Projects/Wetnap/Steveo.Wetnap.Tests/bin/Debug/Steveo.Wetnap.Tests.DLL" adapterTypeName="Microsoft.VisualStudio.TestTools.TestTypes.Unit.UnitTestAdapter, Microsoft.VisualStudio.QualityTools.Tips.UnitTest.Adapter, Version=10.0.0.0, Culture=neutral, PublicKeyToken=b03f5f7f11d50a3a" className="Steveo.Wetnap.Tests.UnitTest, Steveo.Wetnap.Tests, Version=1.0.0.0, Culture=neutral, PublicKeyToken=null" name="TestStringAfter" />
    </UnitTest>
  </TestDefinitions>
  <TestLists>
    <TestList name="Results Not in a List" id="8c84fa94-04c1-424b-9868-57a2d4851a1d" />
    <TestList name="All Loaded Results" id="19431567-8539-422a-85d7-44ee4e166bda" />
  </TestLists>
  <TestEntries>
    <TestEntry testId="5003c018-4018-a15a-1c47-40dde895eb99" executionId="f8503ed3-200b-4a2d-be2e-387068079a15" testListId="8c84fa94-04c1-424b-9868-57a2d4851a1d" />
    <TestEntry testId="78417c56-f1ba-64d1-a46a-dc1aab962e0e" executionId="10516075-2d96-44fc-8498-4b4f272d4746" testListId="8c84fa94-04c1-424b-9868-57a2d4851a1d" />
    <TestEntry testId="3233344a-470d-1cfc-d969-f348858fa094" executionId="88d64841-90f9-482c-93a4-ebb3ee7456c5" testListId="8c84fa94-04c1-424b-9868-57a2d4851a1d" />
  </TestEntries>
  <Results>
    <UnitTestResult executionId="f8503ed3-200b-4a2d-be2e-387068079a15" testId="5003c018-4018-a15a-1c47-40dde895eb99" testName="TestStringBefore" computerName="STEVESLAPTOP" duration="00:00:00.1486107" startTime="2011-03-22T01:08:31.9719205-04:00" endTime="2011-03-22T01:08:34.7560797-04:00" testType="13cdc9d9-ddb5-4fa4-a97d-d965ccfc6d4b" outcome="Passed" testListId="8c84fa94-04c1-424b-9868-57a2d4851a1d" relativeResultsDirectory="f8503ed3-200b-4a2d-be2e-387068079a15">
    </UnitTestResult>
    <UnitTestResult executionId="10516075-2d96-44fc-8498-4b4f272d4746" testId="78417c56-f1ba-64d1-a46a-dc1aab962e0e" testName="TestStringAfter" computerName="STEVESLAPTOP" duration="00:00:14.9968578" startTime="2011-03-22T01:08:34.8450848-04:00" endTime="2011-03-22T01:08:49.8419426-04:00" testType="13cdc9d9-ddb5-4fa4-a97d-d965ccfc6d4b" outcome="Aborted" testListId="8c84fa94-04c1-424b-9868-57a2d4851a1d" relativeResultsDirectory="10516075-2d96-44fc-8498-4b4f272d4746">
    </UnitTestResult>
    <UnitTestResult executionId="88d64841-90f9-482c-93a4-ebb3ee7456c5" testId="3233344a-470d-1cfc-d969-f348858fa094" testName="TestStringTruncate" computerName="STEVESLAPTOP" testType="13cdc9d9-ddb5-4fa4-a97d-d965ccfc6d4b" outcome="NotExecuted" testListId="8c84fa94-04c1-424b-9868-57a2d4851a1d" relativeResultsDirectory="88d64841-90f9-482c-93a4-ebb3ee7456c5">
    </UnitTestResult>
  </Results>
</TestRun>